2026-07-30T19:09:10.5531540Z   CLOUDFLARE_API_TOKEN: 
2026-07-30T19:09:10.5532016Z   CLOUDFLARE_ACCOUNT_ID: 
2026-07-30T19:09:10.5532493Z   HIL_REGISTRY_DATABASE_ID: 
2026-07-30T19:09:15.6969780Z ##[group]Run set -euo pipefail
2026-07-30T19:09:15.6970123Z set -euo pipefail
2026-07-30T19:09:15.6970450Z test -n "$CLOUDFLARE_API_TOKEN"
2026-07-30T19:09:15.6970741Z test -n "$CLOUDFLARE_ACCOUNT_ID"
2026-07-30T19:09:15.6971033Z test -n "$HIL_REGISTRY_DATABASE_ID"
2026-07-30T19:09:15.7075299Z shell: /usr/bin/bash --noprofile --norc -e -o pipefail {0}
2026-07-30T19:09:15.7075664Z env:
2026-07-30T19:09:15.7075865Z   CLOUDFLARE_API_TOKEN: 
2026-07-30T19:09:15.7076114Z   CLOUDFLARE_ACCOUNT_ID: 
2026-07-30T19:09:15.7076357Z   HIL_REGISTRY_DATABASE_ID: 
2026-07-30T19:09:15.7076600Z ##[endgroup]
2026-07-30T19:09:15.7177851Z ##[error]Process completed with exit code 1.
2026-07-30T19:09:15.7903490Z   name: hil-receiver-deployment-30573565667
2026-07-30T19:09:15.9563927Z ##[warning]No files were found with the provided path: deployment-evidence/. No artifacts will be uploaded.

Interpretation boundary:
- Wrangler was not invoked.
- Cloudflare was not invoked.
- No Worker, route, custom domain, D1 database, or binding was inspected or changed.
- This is the complete provider-relevant failure: all required Actions deployment inputs were empty before provider execution.
